// Jest Snapshot v1, https://goo.gl/fbAQLP

exports[`input renders correctly 1`] = `
<input
  className="api-input"
  value="hi"
/>
`;
