// Jest Snapshot v1, https://goo.gl/fbAQLP

exports[`button renders correctly 1`] = `
<button
  className="btn-rounded"
>
  hi
</button>
`;
